src/components/effects/AudioControl.tsx(19,9): error TS2367: This comparison appears to be unintentional because the types 'Theme' and '"vampire"' have no overlap.
src/components/effects/BloodDrip.tsx(20,13): error TS2367: This comparison appears to be unintentional because the types 'Theme' and '"vampire"' have no overlap.
src/components/effects/BloodDrip.tsx(55,9): error TS2367: This comparison appears to be unintentional because the types 'Theme' and '"vampire"' have no overlap.
src/components/effects/BloodyCursor.tsx(19,13): error TS2367: This comparison appears to be unintentional because the types 'Theme' and '"vampire"' have no overlap.
src/components/effects/BloodyCursor.tsx(45,13): error TS2367: This comparison appears to be unintentional because the types 'Theme' and '"vampire"' have no overlap.
src/components/effects/BloodyCursor.tsx(52,9): error TS2367: This comparison appears to be unintentional because the types 'Theme' and '"vampire"' have no overlap.
src/components/effects/GlitchText.tsx(11,23): error TS2367: This comparison appears to be unintentional because the types 'Theme' and '"vampire"' have no overlap.
src/components/effects/SpookyAudio.tsx(19,13): error TS2367: This comparison appears to be unintentional because the types 'Theme' and '"vampire"' have no overlap.
src/components/effects/VhsOverlay.tsx(11,13): error TS2367: This comparison appears to be unintentional because the types 'Theme' and '"vampire"' have no overlap.
src/components/effects/VhsOverlay.tsx(29,9): error TS2367: This comparison appears to be unintentional because the types 'Theme' and '"vampire"' have no overlap.
